INFO     - 2025-09-25 16:43:37 - [conftest:344] - [2025-09-25 16:43:37] 测试会话开始: 2025-09-25 16:43:37, 测试组: cloud
INFO     - 2025-09-25 16:43:37 - [variable_manager:40] - [2025-09-25 16:43:37] 成功加载静态变量: VAR\uat_data.json
INFO     - 2025-09-25 16:43:37 - [variable_manager:64] - [2025-09-25 16:43:37] 成功加载运行时变量: VAR\runtime_vars_cloud.json
INFO     - 2025-09-25 16:43:37 - [api_base:587] - [2025-09-25 16:43:37] 执行SQL: SELECT id,name FROM bchain_trader_broker WHERE name = %s ORDER BY create_time DESC 
参数: ('CPT Markets',)
INFO     - 2025-09-25 16:43:38 - [api_base:590] - [2025-09-25 16:43:38] 查询成功，结果数量: 1
INFO     - 2025-09-25 16:43:38 - [api_base:602] - [2025-09-25 16:43:38] 查询结果: [{"id": "1781213961048682529", "name": "CPT Markets"}]
INFO     - 2025-09-25 16:43:38 - [variable_manager:111] - [2025-09-25 16:43:37] 运行时变量已保存到: D:\pycharm_test\template\VAR\runtime_vars_cloud.json
INFO     - 2025-09-25 16:43:38 - [test_add_create:49] - 提取全局BrokerID成功：1781213961048682529
INFO     - 2025-09-25 16:43:38 - [conftest:74] - [2025-09-25 16:43:38] 用例  开始登录，环境: uat
DEBUG    - 2025-09-25 16:43:38 - [connectionpool:1051] - Starting new HTTPS connection (1): dev.lgcopytrade.top:443
DEBUG    - 2025-09-25 16:43:39 - [connectionpool:546] - https://dev.lgcopytrade.top:443 "GET /api/sys/randomImage/1758789818012?_t=1758789818 HTTP/11" 200 None
INFO     - 2025-09-25 16:43:39 - [conftest:143] - 第1次尝试 - 验证码识别结果: rXjf
DEBUG    - 2025-09-25 16:43:39 - [connectionpool:546] - https://dev.lgcopytrade.top:443 "POST /api/sys/login HTTP/11" 200 None
ERROR    - 2025-09-25 16:43:39 - [conftest:191] - 第1次登录失败: 验证码错误: 验证码错误
DEBUG    - 2025-09-25 16:43:50 - [connectionpool:546] - https://dev.lgcopytrade.top:443 "GET /api/sys/randomImage/1758789829724?_t=1758789829 HTTP/11" 200 None
INFO     - 2025-09-25 16:43:50 - [conftest:143] - 第2次尝试 - 验证码识别结果: xZEV
DEBUG    - 2025-09-25 16:43:50 - [connectionpool:546] - https://dev.lgcopytrade.top:443 "POST /api/sys/login HTTP/11" 200 None
ERROR    - 2025-09-25 16:43:50 - [conftest:191] - 第2次登录失败: 验证码错误: 验证码错误
DEBUG    - 2025-09-25 16:44:01 - [connectionpool:546] - https://dev.lgcopytrade.top:443 "GET /api/sys/randomImage/1758789840908?_t=1758789840 HTTP/11" 200 None
INFO     - 2025-09-25 16:44:01 - [conftest:143] - 第3次尝试 - 验证码识别结果: asiV
DEBUG    - 2025-09-25 16:44:02 - [connectionpool:546] - https://dev.lgcopytrade.top:443 "POST /api/sys/login HTTP/11" 200 None
INFO     - 2025-09-25 16:44:02 - [conftest:186] - uat环境登录成功（第3次尝试）
INFO     - 2025-09-25 16:44:02 - [variable_manager:111] - [2025-09-25 16:43:37] 运行时变量已保存到: D:\pycharm_test\template\VAR\runtime_vars_cloud.json
DEBUG    - 2025-09-25 16:44:02 - [connectionpool:546] - https://dev.lgcopytrade.top:443 "GET /api/sys/user/list?_t=1758789817&column=createTime&field=id%2C%2Cusername%2Cnickname%2Cemail%2Cphone&pageNo=1&pageSize=20&order=desc HTTP/11" 200 None
INFO     - 2025-09-25 16:44:02 - [api_base:258] - [2025-09-25 16:44:02] GET请求: /sys/user/list | 参数: {'_t': 1758789817, 'column': 'createTime', 'field': 'id,,username,nickname,email,phone', 'pageNo': '1', 'pageSize': '20', 'order': 'desc'}
INFO     - 2025-09-25 16:44:05 - [variable_manager:111] - [2025-09-25 16:43:37] 运行时变量已保存到: D:\pycharm_test\template\VAR\runtime_vars_cloud.json
INFO     - 2025-09-25 16:44:05 - [test_add_create:95] - 提取全局用户ID成功：1962808746181640193
DEBUG    - 2025-09-25 16:44:06 - [connectionpool:546] - https://dev.lgcopytrade.top:443 "GET /api/online/cgform/api/getData/402883917b2f2594017b335d3ddb0001?_t=1758789817&broker_id=1781213961048682529&pageSize=50 HTTP/11" 200 None
INFO     - 2025-09-25 16:44:06 - [api_base:258] - [2025-09-25 16:44:06] GET请求: /online/cgform/api/getData/402883917b2f2594017b335d3ddb0001 | 参数: {'_t': 1758789817, 'broker_id': '1781213961048682529', 'pageSize': '50'}
INFO     - 2025-09-25 16:44:09 - [variable_manager:111] - [2025-09-25 16:43:37] 运行时变量已保存到: D:\pycharm_test\template\VAR\runtime_vars_cloud.json
INFO     - 2025-09-25 16:44:09 - [test_add_create:140] - 提取全局服务器ID成功：1821740479986667521
DEBUG    - 2025-09-25 16:44:10 - [connectionpool:546] - https://dev.lgcopytrade.top:443 "GET /api/online/cgform/api/getData/4028839781b865e40181b87163350007?_t=1758789817&column=name&order=asc HTTP/11" 200 None
INFO     - 2025-09-25 16:44:10 - [api_base:258] - [2025-09-25 16:44:10] GET请求: /online/cgform/api/getData/4028839781b865e40181b87163350007 | 参数: {'_t': 1758789817, 'column': 'name', 'order': 'asc'}
INFO     - 2025-09-25 16:44:13 - [variable_manager:111] - [2025-09-25 16:43:37] 运行时变量已保存到: D:\pycharm_test\template\VAR\runtime_vars_cloud.json
INFO     - 2025-09-25 16:44:13 - [test_add_create:169] - 提取全局MT4审核计划ID成功：1765999873808998401
DEBUG    - 2025-09-25 16:44:13 - [connectionpool:546] - https://dev.lgcopytrade.top:443 "POST /api/blockchain/account/bind HTTP/11" 200 None
INFO     - 2025-09-25 16:44:13 - [api_base:192] - [2025-09-25 16:44:13] POST请求（JSON+URL参数）: /blockchain/account/bind | URL参数: None | JSON数据: {'userId': '1962808746181640193', 'brokerId': '1781213961048682529', 'serverId': '1821740479986667521', 'account': '301392106', 'password': '0sgsgtu', 'display': 'PRIVATE', 'passwordType': '0', 'subscribeFee': '0', 'type': 'SLAVE_REAL', 'platform': '4'}
INFO     - 2025-09-25 16:44:13 - [api_base:213] - [2025-09-25 16:44:13] 请求后等待 3 秒
ERROR    - 2025-09-25 16:44:16 - [api_base:559] - [2025-09-25 16:44:16] JSON断言失败: Failed: 账号301392106绑定失败（JSON路径值不匹配） | 路径: $.success | 响应: {"success":false,"message":"ConnectException: Connection refused (Connection refused)","code":500,"result":null,"timestamp":1758789853435}
ERROR    - 2025-09-25 16:44:16 - [test_add_create:431] - 账号301392106执行失败：Failed: 账号301392106绑定失败（JSON断言失败）
Traceback (most recent call last):
  File "D:\pycharm_test\template\commons\api_base.py", line 552, in assert_json_value
    assert actual_value == expected_value, \
AssertionError: Failed: 账号301392106绑定失败（JSON路径值不匹配）

The above exception was the direct cause of the following exception:

Traceback (most recent call last):
  File "D:\pycharm_test\template\test_cloudTrader\test_add_create.py", line 216, in test_follow_full_flow
    self.assert_json_value(
  File "D:\pycharm_test\template\commons\api_base.py", line 561, in assert_json_value
    raise AssertionError(f"Failed: {error_msg_prefix}（JSON断言失败）") from e
AssertionError: Failed: 账号301392106绑定失败（JSON断言失败）
DEBUG    - 2025-09-25 16:44:17 - [connectionpool:546] - https://dev.lgcopytrade.top:443 "POST /api/blockchain/account/bind HTTP/11" 200 None
INFO     - 2025-09-25 16:44:17 - [api_base:192] - [2025-09-25 16:44:17] POST请求（JSON+URL参数）: /blockchain/account/bind | URL参数: None | JSON数据: {'userId': '1962808746181640193', 'brokerId': '1781213961048682529', 'serverId': '1821740479986667521', 'account': '301392107', 'password': 'joj6vwd', 'display': 'PRIVATE', 'passwordType': '0', 'subscribeFee': '0', 'type': 'SLAVE_REAL', 'platform': '4'}
INFO     - 2025-09-25 16:44:17 - [api_base:213] - [2025-09-25 16:44:17] 请求后等待 3 秒
ERROR    - 2025-09-25 16:44:20 - [api_base:559] - [2025-09-25 16:44:20] JSON断言失败: Failed: 账号301392107绑定失败（JSON路径值不匹配） | 路径: $.success | 响应: {"success":false,"message":"ConnectException: Connection refused (Connection refused)","code":500,"result":null,"timestamp":1758789857174}
ERROR    - 2025-09-25 16:44:20 - [test_add_create:431] - 账号301392107执行失败：Failed: 账号301392107绑定失败（JSON断言失败）
Traceback (most recent call last):
  File "D:\pycharm_test\template\commons\api_base.py", line 552, in assert_json_value
    assert actual_value == expected_value, \
AssertionError: Failed: 账号301392107绑定失败（JSON路径值不匹配）

The above exception was the direct cause of the following exception:

Traceback (most recent call last):
  File "D:\pycharm_test\template\test_cloudTrader\test_add_create.py", line 216, in test_follow_full_flow
    self.assert_json_value(
  File "D:\pycharm_test\template\commons\api_base.py", line 561, in assert_json_value
    raise AssertionError(f"Failed: {error_msg_prefix}（JSON断言失败）") from e
AssertionError: Failed: 账号301392107绑定失败（JSON断言失败）
DEBUG    - 2025-09-25 16:44:21 - [connectionpool:546] - https://dev.lgcopytrade.top:443 "POST /api/blockchain/account/bind HTTP/11" 200 None
INFO     - 2025-09-25 16:44:21 - [api_base:192] - [2025-09-25 16:44:21] POST请求（JSON+URL参数）: /blockchain/account/bind | URL参数: None | JSON数据: {'userId': '1962808746181640193', 'brokerId': '1781213961048682529', 'serverId': '1821740479986667521', 'account': '301392108', 'password': 'yw5piys3', 'display': 'PRIVATE', 'passwordType': '0', 'subscribeFee': '0', 'type': 'SLAVE_REAL', 'platform': '4'}
INFO     - 2025-09-25 16:44:21 - [api_base:213] - [2025-09-25 16:44:21] 请求后等待 3 秒
ERROR    - 2025-09-25 16:44:24 - [api_base:559] - [2025-09-25 16:44:24] JSON断言失败: Failed: 账号301392108绑定失败（JSON路径值不匹配） | 路径: $.success | 响应: {"success":false,"message":"ConnectException: Connection refused (Connection refused)","code":500,"result":null,"timestamp":1758789860797}
ERROR    - 2025-09-25 16:44:24 - [test_add_create:431] - 账号301392108执行失败：Failed: 账号301392108绑定失败（JSON断言失败）
Traceback (most recent call last):
  File "D:\pycharm_test\template\commons\api_base.py", line 552, in assert_json_value
    assert actual_value == expected_value, \
AssertionError: Failed: 账号301392108绑定失败（JSON路径值不匹配）

The above exception was the direct cause of the following exception:

Traceback (most recent call last):
  File "D:\pycharm_test\template\test_cloudTrader\test_add_create.py", line 216, in test_follow_full_flow
    self.assert_json_value(
  File "D:\pycharm_test\template\commons\api_base.py", line 561, in assert_json_value
    raise AssertionError(f"Failed: {error_msg_prefix}（JSON断言失败）") from e
AssertionError: Failed: 账号301392108绑定失败（JSON断言失败）
DEBUG    - 2025-09-25 16:44:24 - [connectionpool:546] - https://dev.lgcopytrade.top:443 "POST /api/blockchain/account/bind HTTP/11" 200 None
INFO     - 2025-09-25 16:44:24 - [api_base:192] - [2025-09-25 16:44:24] POST请求（JSON+URL参数）: /blockchain/account/bind | URL参数: None | JSON数据: {'userId': '1962808746181640193', 'brokerId': '1781213961048682529', 'serverId': '1821740479986667521', 'account': '301392109', 'password': 'an0emxc', 'display': 'PRIVATE', 'passwordType': '0', 'subscribeFee': '0', 'type': 'SLAVE_REAL', 'platform': '4'}
INFO     - 2025-09-25 16:44:24 - [api_base:213] - [2025-09-25 16:44:24] 请求后等待 3 秒
ERROR    - 2025-09-25 16:44:27 - [api_base:559] - [2025-09-25 16:44:27] JSON断言失败: Failed: 账号301392109绑定失败（JSON路径值不匹配） | 路径: $.success | 响应: {"success":false,"message":"ConnectException: Connection refused (Connection refused)","code":500,"result":null,"timestamp":1758789864460}
ERROR    - 2025-09-25 16:44:27 - [test_add_create:431] - 账号301392109执行失败：Failed: 账号301392109绑定失败（JSON断言失败）
Traceback (most recent call last):
  File "D:\pycharm_test\template\commons\api_base.py", line 552, in assert_json_value
    assert actual_value == expected_value, \
AssertionError: Failed: 账号301392109绑定失败（JSON路径值不匹配）

The above exception was the direct cause of the following exception:

Traceback (most recent call last):
  File "D:\pycharm_test\template\test_cloudTrader\test_add_create.py", line 216, in test_follow_full_flow
    self.assert_json_value(
  File "D:\pycharm_test\template\commons\api_base.py", line 561, in assert_json_value
    raise AssertionError(f"Failed: {error_msg_prefix}（JSON断言失败）") from e
AssertionError: Failed: 账号301392109绑定失败（JSON断言失败）
INFO     - 2025-09-25 16:44:27 - [conftest:225] - [2025-09-25 16:44:27] 用例  执行完毕
INFO     - 2025-09-25 16:44:27 - [variable_manager:111] - [2025-09-25 16:43:37] 运行时变量已保存到: D:\pycharm_test\template\VAR\runtime_vars_cloud.json
INFO     - 2025-09-25 16:44:27 - [conftest:371] - [2025-09-25 16:43:37] 测试会话结束，总耗时: 50.00秒
INFO     - 2025-09-25 16:44:27 - [feishu_notification:131] - [2025-09-25 16:43:37] 发送飞书消息，URL: https://open.feishu.cn/open-apis/bot/v2/hook/8d3475ac-8adc-45ed-97c7-0f0ec8647a4f
DEBUG    - 2025-09-25 16:44:27 - [connectionpool:1051] - Starting new HTTPS connection (1): open.feishu.cn:443
DEBUG    - 2025-09-25 16:44:28 - [connectionpool:546] - https://open.feishu.cn:443 "POST /open-apis/bot/v2/hook/8d3475ac-8adc-45ed-97c7-0f0ec8647a4f HTTP/11" 200 77
INFO     - 2025-09-25 16:44:28 - [feishu_notification:139] - [2025-09-25 16:43:37] 飞书响应状态码: 200
INFO     - 2025-09-25 16:44:28 - [feishu_notification:140] - [2025-09-25 16:43:37] 飞书响应内容: {"StatusCode":0,"StatusMessage":"success","code":0,"data":{},"msg":"success"}
INFO     - 2025-09-25 16:44:28 - [feishu_notification:145] - [2025-09-25 16:43:37] [FEISHU] 消息发送成功
INFO     - 2025-09-25 16:44:28 - [conftest:383] - [2025-09-25 16:43:37] 飞书通知发送成功
