INFO     - 2025-09-25 17:12:27 - [conftest:344] - [2025-09-25 17:12:26] 测试会话开始: 2025-09-25 17:12:27, 测试组: cloud
INFO     - 2025-09-25 17:12:27 - [variable_manager:40] - [2025-09-25 17:12:26] 成功加载静态变量: VAR\uat_data.json
INFO     - 2025-09-25 17:12:27 - [variable_manager:64] - [2025-09-25 17:12:26] 成功加载运行时变量: VAR\runtime_vars_cloud.json
INFO     - 2025-09-25 17:12:27 - [api_base:587] - [2025-09-25 17:12:27] 执行SQL: SELECT id,name FROM bchain_trader_broker WHERE name = %s ORDER BY create_time DESC 
参数: ('CPT Markets',)
INFO     - 2025-09-25 17:12:27 - [api_base:590] - [2025-09-25 17:12:27] 查询成功，结果数量: 1
INFO     - 2025-09-25 17:12:27 - [api_base:602] - [2025-09-25 17:12:27] 查询结果: [{"id": "1781213961048682529", "name": "CPT Markets"}]
INFO     - 2025-09-25 17:12:27 - [variable_manager:111] - [2025-09-25 17:12:26] 运行时变量已保存到: D:\pycharm_test\template\VAR\runtime_vars_cloud.json
INFO     - 2025-09-25 17:12:27 - [test_add_create:42] - 提取全局BrokerID成功：1781213961048682529
INFO     - 2025-09-25 17:12:27 - [conftest:74] - [2025-09-25 17:12:27] 用例  开始登录，环境: uat
DEBUG    - 2025-09-25 17:12:27 - [connectionpool:1051] - Starting new HTTPS connection (1): dev.lgcopytrade.top:443
DEBUG    - 2025-09-25 17:12:28 - [connectionpool:546] - https://dev.lgcopytrade.top:443 "GET /api/sys/randomImage/1758791547647?_t=1758791547 HTTP/11" 200 None
INFO     - 2025-09-25 17:12:28 - [conftest:143] - 第1次尝试 - 验证码识别结果: n3el
DEBUG    - 2025-09-25 17:12:29 - [connectionpool:546] - https://dev.lgcopytrade.top:443 "POST /api/sys/login HTTP/11" 200 None
ERROR    - 2025-09-25 17:12:29 - [conftest:191] - 第1次登录失败: 验证码错误: 验证码错误
DEBUG    - 2025-09-25 17:12:39 - [connectionpool:546] - https://dev.lgcopytrade.top:443 "GET /api/sys/randomImage/1758791559266?_t=1758791559 HTTP/11" 200 None
INFO     - 2025-09-25 17:12:39 - [conftest:143] - 第2次尝试 - 验证码识别结果: iykD
DEBUG    - 2025-09-25 17:12:40 - [connectionpool:546] - https://dev.lgcopytrade.top:443 "POST /api/sys/login HTTP/11" 200 None
ERROR    - 2025-09-25 17:12:40 - [conftest:191] - 第2次登录失败: 验证码错误: 验证码错误
DEBUG    - 2025-09-25 17:12:51 - [connectionpool:546] - https://dev.lgcopytrade.top:443 "GET /api/sys/randomImage/1758791570527?_t=1758791570 HTTP/11" 200 None
INFO     - 2025-09-25 17:12:51 - [conftest:143] - 第3次尝试 - 验证码识别结果: WEF3
DEBUG    - 2025-09-25 17:12:51 - [connectionpool:546] - https://dev.lgcopytrade.top:443 "POST /api/sys/login HTTP/11" 200 None
INFO     - 2025-09-25 17:12:51 - [conftest:186] - uat环境登录成功（第3次尝试）
INFO     - 2025-09-25 17:12:51 - [variable_manager:111] - [2025-09-25 17:12:26] 运行时变量已保存到: D:\pycharm_test\template\VAR\runtime_vars_cloud.json
DEBUG    - 2025-09-25 17:12:52 - [connectionpool:546] - https://dev.lgcopytrade.top:443 "GET /api/sys/user/list?_t=1758791546&column=createTime&field=id%2C%2Cusername%2Cnickname%2Cemail%2Cphone&pageNo=1&pageSize=20&order=desc HTTP/11" 200 None
INFO     - 2025-09-25 17:12:52 - [api_base:258] - [2025-09-25 17:12:52] GET请求: /sys/user/list | 参数: {'_t': 1758791546, 'column': 'createTime', 'field': 'id,,username,nickname,email,phone', 'pageNo': '1', 'pageSize': '20', 'order': 'desc'}
INFO     - 2025-09-25 17:12:55 - [variable_manager:111] - [2025-09-25 17:12:26] 运行时变量已保存到: D:\pycharm_test\template\VAR\runtime_vars_cloud.json
INFO     - 2025-09-25 17:12:55 - [test_add_create:89] - 提取全局用户ID成功：1962808746181640193
DEBUG    - 2025-09-25 17:12:59 - [connectionpool:546] - https://dev.lgcopytrade.top:443 "POST /api/blockchain/account/bind HTTP/11" 200 None
INFO     - 2025-09-25 17:12:59 - [api_base:192] - [2025-09-25 17:12:59] POST请求（JSON+URL参数）: /blockchain/account/bind | URL参数: None | JSON数据: {'userId': '1962808746181640193', 'brokerId': '1781213961048682529', 'serverId': '1821740479986667521', 'account': '301392106', 'password': '0sgsgtu', 'display': 'PRIVATE', 'passwordType': '0', 'subscribeFee': '0', 'type': 'SLAVE_REAL', 'platform': '4'}
INFO     - 2025-09-25 17:12:59 - [api_base:213] - [2025-09-25 17:12:59] 请求后等待 3 秒
DEBUG    - 2025-09-25 17:13:06 - [connectionpool:546] - https://dev.lgcopytrade.top:443 "POST /api/blockchain/account/bind HTTP/11" 200 None
INFO     - 2025-09-25 17:13:06 - [api_base:192] - [2025-09-25 17:13:06] POST请求（JSON+URL参数）: /blockchain/account/bind | URL参数: None | JSON数据: {'userId': '1962808746181640193', 'brokerId': '1781213961048682529', 'serverId': '1821740479986667521', 'account': '301392107', 'password': 'joj6vwd', 'display': 'PRIVATE', 'passwordType': '0', 'subscribeFee': '0', 'type': 'SLAVE_REAL', 'platform': '4'}
INFO     - 2025-09-25 17:13:06 - [api_base:213] - [2025-09-25 17:13:06] 请求后等待 3 秒
ERROR    - 2025-09-25 17:13:09 - [api_base:559] - [2025-09-25 17:13:09] JSON断言失败: Failed: 账号301392107绑定失败（JSON路径值不匹配） | 路径: $.success | 响应: {"success":false,"message":"mt4连接失败！","code":500,"result":null,"timestamp":1758791585900}
ERROR    - 2025-09-25 17:13:09 - [test_add_create:150] - 账号301392107执行失败：Failed: 账号301392107绑定失败（JSON断言失败）
Traceback (most recent call last):
  File "D:\pycharm_test\template\commons\api_base.py", line 552, in assert_json_value
    assert actual_value == expected_value, \
AssertionError: Failed: 账号301392107绑定失败（JSON路径值不匹配）

The above exception was the direct cause of the following exception:

Traceback (most recent call last):
  File "D:\pycharm_test\template\test_cloudTrader\test_add_create.py", line 138, in test_follow_full_flow
    self.assert_json_value(
  File "D:\pycharm_test\template\commons\api_base.py", line 561, in assert_json_value
    raise AssertionError(f"Failed: {error_msg_prefix}（JSON断言失败）") from e
AssertionError: Failed: 账号301392107绑定失败（JSON断言失败）
DEBUG    - 2025-09-25 17:13:16 - [connectionpool:546] - https://dev.lgcopytrade.top:443 "POST /api/blockchain/account/bind HTTP/11" 200 None
INFO     - 2025-09-25 17:13:16 - [api_base:192] - [2025-09-25 17:13:16] POST请求（JSON+URL参数）: /blockchain/account/bind | URL参数: None | JSON数据: {'userId': '1962808746181640193', 'brokerId': '1781213961048682529', 'serverId': '1821740479986667521', 'account': '301392108', 'password': 'yw5piys3', 'display': 'PRIVATE', 'passwordType': '0', 'subscribeFee': '0', 'type': 'SLAVE_REAL', 'platform': '4'}
INFO     - 2025-09-25 17:13:16 - [api_base:213] - [2025-09-25 17:13:16] 请求后等待 3 秒
ERROR    - 2025-09-25 17:13:19 - [api_base:559] - [2025-09-25 17:13:19] JSON断言失败: Failed: 账号301392108绑定失败（JSON路径值不匹配） | 路径: $.success | 响应: {"success":false,"message":"mt4连接失败！","code":500,"result":null,"timestamp":1758791595912}
ERROR    - 2025-09-25 17:13:19 - [test_add_create:150] - 账号301392108执行失败：Failed: 账号301392108绑定失败（JSON断言失败）
Traceback (most recent call last):
  File "D:\pycharm_test\template\commons\api_base.py", line 552, in assert_json_value
    assert actual_value == expected_value, \
AssertionError: Failed: 账号301392108绑定失败（JSON路径值不匹配）

The above exception was the direct cause of the following exception:

Traceback (most recent call last):
  File "D:\pycharm_test\template\test_cloudTrader\test_add_create.py", line 138, in test_follow_full_flow
    self.assert_json_value(
  File "D:\pycharm_test\template\commons\api_base.py", line 561, in assert_json_value
    raise AssertionError(f"Failed: {error_msg_prefix}（JSON断言失败）") from e
AssertionError: Failed: 账号301392108绑定失败（JSON断言失败）
DEBUG    - 2025-09-25 17:13:22 - [connectionpool:546] - https://dev.lgcopytrade.top:443 "POST /api/blockchain/account/bind HTTP/11" 200 None
INFO     - 2025-09-25 17:13:22 - [api_base:192] - [2025-09-25 17:13:22] POST请求（JSON+URL参数）: /blockchain/account/bind | URL参数: None | JSON数据: {'userId': '1962808746181640193', 'brokerId': '1781213961048682529', 'serverId': '1821740479986667521', 'account': '301392109', 'password': 'an0emxc', 'display': 'PRIVATE', 'passwordType': '0', 'subscribeFee': '0', 'type': 'SLAVE_REAL', 'platform': '4'}
INFO     - 2025-09-25 17:13:22 - [api_base:213] - [2025-09-25 17:13:22] 请求后等待 3 秒
INFO     - 2025-09-25 17:13:25 - [conftest:225] - [2025-09-25 17:13:25] 用例  执行完毕
INFO     - 2025-09-25 17:13:25 - [variable_manager:111] - [2025-09-25 17:12:26] 运行时变量已保存到: D:\pycharm_test\template\VAR\runtime_vars_cloud.json
INFO     - 2025-09-25 17:13:25 - [conftest:371] - [2025-09-25 17:12:26] 测试会话结束，总耗时: 58.00秒
INFO     - 2025-09-25 17:13:25 - [feishu_notification:131] - [2025-09-25 17:12:26] 发送飞书消息，URL: https://open.feishu.cn/open-apis/bot/v2/hook/8d3475ac-8adc-45ed-97c7-0f0ec8647a4f
DEBUG    - 2025-09-25 17:13:25 - [connectionpool:1051] - Starting new HTTPS connection (1): open.feishu.cn:443
DEBUG    - 2025-09-25 17:13:26 - [connectionpool:546] - https://open.feishu.cn:443 "POST /open-apis/bot/v2/hook/8d3475ac-8adc-45ed-97c7-0f0ec8647a4f HTTP/11" 200 77
INFO     - 2025-09-25 17:13:26 - [feishu_notification:139] - [2025-09-25 17:12:26] 飞书响应状态码: 200
INFO     - 2025-09-25 17:13:26 - [feishu_notification:140] - [2025-09-25 17:12:26] 飞书响应内容: {"StatusCode":0,"StatusMessage":"success","code":0,"data":{},"msg":"success"}
INFO     - 2025-09-25 17:13:26 - [feishu_notification:145] - [2025-09-25 17:12:26] [FEISHU] 消息发送成功
INFO     - 2025-09-25 17:13:26 - [conftest:383] - [2025-09-25 17:12:26] 飞书通知发送成功
