INFO     root:test_add_delete.py:32 [数据读取] JSON文件路径：D:\pycharm_test\template\test_cloudTrader\../VAR/runtime_vars_cloud.json，最后修改时间：2025-10-16 17:08:23
INFO     root:test_add_delete.py:45 [数据读取] 示例账号 301392106 的最新jeecg_rowkey：1978749427...
INFO     root:test_add_delete.py:110 
[数据对比] 账号：301392106
- 执行阶段最新jeecg_rowkey：1978749427431378946
- 参数化阶段旧jeecg_rowkey：1978745362689429505
DEBUG    urllib3.connectionpool:connectionpool.py:1051 Starting new HTTPS connection (5): dev.lgcopytrade.top:443
ERROR    template.commons.api_base:api_base.py:376 [2025-10-16 17:09:33] DELETE请求网络层异常: HTTPSConnectionPool(host='dev.lgcopytrade.top', port=443): Max retries exceeded with url: /api/blockchain/master-slave/deletePa?id=1978749427431378946 (Caused by ProxyError('Unable to connect to proxy', FileNotFoundError(2, 'No such file or directory'))) | URL: /blockchain/master-slave/deletePa | 参数: {'id': '1978749427431378946'}
urllib3.exceptions.ProxyError: ('Unable to connect to proxy', FileNotFoundError(2, 'No such file or directory'))

The above exception was the direct cause of the following exception:

Traceback (most recent call last):
  File "D:\pycharm_test\Community\lib\site-packages\requests\adapters.py", line 667, in send
    resp = conn.urlopen(
  File "D:\pycharm_test\Community\lib\site-packages\urllib3\connectionpool.py", line 843, in urlopen
    retries = retries.increment(
  File "D:\pycharm_test\Community\lib\site-packages\urllib3\util\retry.py", line 519, in increment
    raise MaxRetryError(_pool, url, reason) from reason  # type: ignore[arg-type]
urllib3.exceptions.MaxRetryError: HTTPSConnectionPool(host='dev.lgcopytrade.top', port=443): Max retries exceeded with url: /api/blockchain/master-slave/deletePa?id=1978749427431378946 (Caused by ProxyError('Unable to connect to proxy', FileNotFoundError(2, 'No such file or directory')))

During handling of the above exception, another exception occurred:

Traceback (most recent call last):
  File "D:\pycharm_test\template\commons\api_base.py", line 336, in send_delete_request
    response = logged_session.delete(
  File "D:\pycharm_test\Community\lib\site-packages\requests\sessions.py", line 671, in delete
    return self.request("DELETE", url, **kwargs)
  File "D:\pycharm_test\template\commons\session.py", line 135, in request
    response = super().request(method, full_url, *args, **kwargs)
  File "D:\pycharm_test\Community\lib\site-packages\requests\sessions.py", line 589, in request
    resp = self.send(prep, **send_kwargs)
  File "D:\pycharm_test\Community\lib\site-packages\requests\sessions.py", line 703, in send
    r = adapter.send(request, **kwargs)
  File "D:\pycharm_test\Community\lib\site-packages\requests\adapters.py", line 694, in send
    raise ProxyError(e, request=request)
requests.exceptions.ProxyError: HTTPSConnectionPool(host='dev.lgcopytrade.top', port=443): Max retries exceeded with url: /api/blockchain/master-slave/deletePa?id=1978749427431378946 (Caused by ProxyError('Unable to connect to proxy', FileNotFoundError(2, 'No such file or directory')))
ERROR    root:test_add_delete.py:187 账号[301392106]解绑失败：Failed: DELETE请求网络层异常（HTTPSConnectionPool(host='dev.lgcopytrade.top', port=443): Max retries exceeded with url: /api/blockchain/master-slave/deletePa?id=1978749427431378946 (Caused by ProxyError('Unable to connect to proxy', FileNotFoundError(2, 'No such file or directory')))）
urllib3.exceptions.ProxyError: ('Unable to connect to proxy', FileNotFoundError(2, 'No such file or directory'))

The above exception was the direct cause of the following exception:

Traceback (most recent call last):
  File "D:\pycharm_test\Community\lib\site-packages\requests\adapters.py", line 667, in send
    resp = conn.urlopen(
  File "D:\pycharm_test\Community\lib\site-packages\urllib3\connectionpool.py", line 843, in urlopen
    retries = retries.increment(
  File "D:\pycharm_test\Community\lib\site-packages\urllib3\util\retry.py", line 519, in increment
    raise MaxRetryError(_pool, url, reason) from reason  # type: ignore[arg-type]
urllib3.exceptions.MaxRetryError: HTTPSConnectionPool(host='dev.lgcopytrade.top', port=443): Max retries exceeded with url: /api/blockchain/master-slave/deletePa?id=1978749427431378946 (Caused by ProxyError('Unable to connect to proxy', FileNotFoundError(2, 'No such file or directory')))

During handling of the above exception, another exception occurred:

Traceback (most recent call last):
  File "D:\pycharm_test\template\commons\api_base.py", line 336, in send_delete_request
    response = logged_session.delete(
  File "D:\pycharm_test\Community\lib\site-packages\requests\sessions.py", line 671, in delete
    return self.request("DELETE", url, **kwargs)
  File "D:\pycharm_test\template\commons\session.py", line 135, in request
    response = super().request(method, full_url, *args, **kwargs)
  File "D:\pycharm_test\Community\lib\site-packages\requests\sessions.py", line 589, in request
    resp = self.send(prep, **send_kwargs)
  File "D:\pycharm_test\Community\lib\site-packages\requests\sessions.py", line 703, in send
    r = adapter.send(request, **kwargs)
  File "D:\pycharm_test\Community\lib\site-packages\requests\adapters.py", line 694, in send
    raise ProxyError(e, request=request)
requests.exceptions.ProxyError: HTTPSConnectionPool(host='dev.lgcopytrade.top', port=443): Max retries exceeded with url: /api/blockchain/master-slave/deletePa?id=1978749427431378946 (Caused by ProxyError('Unable to connect to proxy', FileNotFoundError(2, 'No such file or directory')))

The above exception was the direct cause of the following exception:

Traceback (most recent call last):
  File "D:\pycharm_test\template\test_cloudTrader\test_add_delete.py", line 120, in test_batch_unbind
    response = self.send_delete_request(
  File "D:\pycharm_test\template\commons\api_base.py", line 381, in send_delete_request
    raise ConnectionError(f"Failed: {method}请求{error_type}（{str(e)[:1000]}）") from e
requests.exceptions.ConnectionError: Failed: DELETE请求网络层异常（HTTPSConnectionPool(host='dev.lgcopytrade.top', port=443): Max retries exceeded with url: /api/blockchain/master-slave/deletePa?id=1978749427431378946 (Caused by ProxyError('Unable to connect to proxy', FileNotFoundError(2, 'No such file or directory')))）