DEBUG    template.commons.variable_manager:variable_manager.py:131 [2025-10-16 17:08:23] 从运行时变量获取 | 变量: follow_user_id | 值: 1962808746181640193
DEBUG    template.commons.variable_manager:variable_manager.py:131 [2025-10-16 17:08:23] 从运行时变量获取 | 变量: follow_broker_id | 值: 1781213961048682529
DEBUG    template.commons.variable_manager:variable_manager.py:131 [2025-10-16 17:08:23] 从运行时变量获取 | 变量: follow_server_id | 值: 1821740479986667521
DEBUG    urllib3.connectionpool:connectionpool.py:546 https://dev.lgcopytrade.top:443 "POST /api/blockchain/account/bind HTTP/11" 200 None
INFO     template.commons.api_base:api_base.py:209 [2025-10-16 17:08:27] POST请求（JSON+URL参数）: /blockchain/account/bind | URL参数: None | JSON数据: {'userId': '1962808746181640193', 'brokerId': '1781213961048682529', 'serverId': '1821740479986667521', 'account': '301392289', 'password': '2qgbfqc', 'display': 'PRIVATE', 'passwordType': '0', 'subscribeFee': '0', 'type': 'SLAVE_REAL', 'platform': '4'}
INFO     template.commons.api_base:api_base.py:230 [2025-10-16 17:08:27] 请求后等待 3 秒
INFO     root:test_add_create.py:212 账号301392289绑定成功
DEBUG    urllib3.connectionpool:connectionpool.py:1051 Starting new HTTPS connection (1): dev.lgcopytrade.top:443
ERROR    template.commons.api_base:api_base.py:299 [2025-10-16 17:08:31] GET 请求异常: HTTPSConnectionPool(host='dev.lgcopytrade.top', port=443): Max retries exceeded with url: /api/online/cgform/api/getData/2c9a814a81d3a91b0181d3a91b250000?_t=1760605476&column=id&order=desc&pageNo=1&pageSize=20&superQueryMatchType=and&status=PENDING%2CVERIFICATION (Caused by ProxyError('Unable to connect to proxy', FileNotFoundError(2, 'No such file or directory'))) | URL: /online/cgform/api/getData/2c9a814a81d3a91b0181d3a91b250000
urllib3.exceptions.ProxyError: ('Unable to connect to proxy', FileNotFoundError(2, 'No such file or directory'))

The above exception was the direct cause of the following exception:

Traceback (most recent call last):
  File "D:\pycharm_test\Community\lib\site-packages\requests\adapters.py", line 667, in send
    resp = conn.urlopen(
  File "D:\pycharm_test\Community\lib\site-packages\urllib3\connectionpool.py", line 843, in urlopen
    retries = retries.increment(
  File "D:\pycharm_test\Community\lib\site-packages\urllib3\util\retry.py", line 519, in increment
    raise MaxRetryError(_pool, url, reason) from reason  # type: ignore[arg-type]
urllib3.exceptions.MaxRetryError: HTTPSConnectionPool(host='dev.lgcopytrade.top', port=443): Max retries exceeded with url: /api/online/cgform/api/getData/2c9a814a81d3a91b0181d3a91b250000?_t=1760605476&column=id&order=desc&pageNo=1&pageSize=20&superQueryMatchType=and&status=PENDING%2CVERIFICATION (Caused by ProxyError('Unable to connect to proxy', FileNotFoundError(2, 'No such file or directory')))

During handling of the above exception, another exception occurred:

Traceback (most recent call last):
  File "D:\pycharm_test\template\commons\api_base.py", line 274, in send_get_request
    response = logged_session.get(url, params=params)
  File "D:\pycharm_test\Community\lib\site-packages\requests\sessions.py", line 602, in get
    return self.request("GET", url, **kwargs)
  File "D:\pycharm_test\template\commons\session.py", line 135, in request
    response = super().request(method, full_url, *args, **kwargs)
  File "D:\pycharm_test\Community\lib\site-packages\requests\sessions.py", line 589, in request
    resp = self.send(prep, **send_kwargs)
  File "D:\pycharm_test\Community\lib\site-packages\requests\sessions.py", line 703, in send
    r = adapter.send(request, **kwargs)
  File "D:\pycharm_test\Community\lib\site-packages\requests\adapters.py", line 694, in send
    raise ProxyError(e, request=request)
requests.exceptions.ProxyError: HTTPSConnectionPool(host='dev.lgcopytrade.top', port=443): Max retries exceeded with url: /api/online/cgform/api/getData/2c9a814a81d3a91b0181d3a91b250000?_t=1760605476&column=id&order=desc&pageNo=1&pageSize=20&superQueryMatchType=and&status=PENDING%2CVERIFICATION (Caused by ProxyError('Unable to connect to proxy', FileNotFoundError(2, 'No such file or directory')))
ERROR    root:test_add_create.py:436 账号301392289执行失败：Failed: GET 请求异常（HTTPSConnectionPool(host='dev.lgcopytrade.top', port=443): Max retries exceeded with url: /api/online/cgform/api/getData/2c9a814a81d3a91b0181d3a91b250000?_t=1760605476&column=id&order
urllib3.exceptions.ProxyError: ('Unable to connect to proxy', FileNotFoundError(2, 'No such file or directory'))

The above exception was the direct cause of the following exception:

Traceback (most recent call last):
  File "D:\pycharm_test\Community\lib\site-packages\requests\adapters.py", line 667, in send
    resp = conn.urlopen(
  File "D:\pycharm_test\Community\lib\site-packages\urllib3\connectionpool.py", line 843, in urlopen
    retries = retries.increment(
  File "D:\pycharm_test\Community\lib\site-packages\urllib3\util\retry.py", line 519, in increment
    raise MaxRetryError(_pool, url, reason) from reason  # type: ignore[arg-type]
urllib3.exceptions.MaxRetryError: HTTPSConnectionPool(host='dev.lgcopytrade.top', port=443): Max retries exceeded with url: /api/online/cgform/api/getData/2c9a814a81d3a91b0181d3a91b250000?_t=1760605476&column=id&order=desc&pageNo=1&pageSize=20&superQueryMatchType=and&status=PENDING%2CVERIFICATION (Caused by ProxyError('Unable to connect to proxy', FileNotFoundError(2, 'No such file or directory')))

During handling of the above exception, another exception occurred:

Traceback (most recent call last):
  File "D:\pycharm_test\template\commons\api_base.py", line 274, in send_get_request
    response = logged_session.get(url, params=params)
  File "D:\pycharm_test\Community\lib\site-packages\requests\sessions.py", line 602, in get
    return self.request("GET", url, **kwargs)
  File "D:\pycharm_test\template\commons\session.py", line 135, in request
    response = super().request(method, full_url, *args, **kwargs)
  File "D:\pycharm_test\Community\lib\site-packages\requests\sessions.py", line 589, in request
    resp = self.send(prep, **send_kwargs)
  File "D:\pycharm_test\Community\lib\site-packages\requests\sessions.py", line 703, in send
    r = adapter.send(request, **kwargs)
  File "D:\pycharm_test\Community\lib\site-packages\requests\adapters.py", line 694, in send
    raise ProxyError(e, request=request)
requests.exceptions.ProxyError: HTTPSConnectionPool(host='dev.lgcopytrade.top', port=443): Max retries exceeded with url: /api/online/cgform/api/getData/2c9a814a81d3a91b0181d3a91b250000?_t=1760605476&column=id&order=desc&pageNo=1&pageSize=20&superQueryMatchType=and&status=PENDING%2CVERIFICATION (Caused by ProxyError('Unable to connect to proxy', FileNotFoundError(2, 'No such file or directory')))

The above exception was the direct cause of the following exception:

Traceback (most recent call last):
  File "D:\pycharm_test\template\test_cloudTrader\test_add_create.py", line 225, in test_follow_full_flow
    pass_response = self.send_get_request(
  File "D:\pycharm_test\template\commons\api_base.py", line 300, in send_get_request
    raise ConnectionError(f"Failed: {method} 请求异常（{str(e)[:1000]}）") from e
requests.exceptions.ConnectionError: Failed: GET 请求异常（HTTPSConnectionPool(host='dev.lgcopytrade.top', port=443): Max retries exceeded with url: /api/online/cgform/api/getData/2c9a814a81d3a91b0181d3a91b250000?_t=1760605476&column=id&order=desc&pageNo=1&pageSize=20&superQueryMatchType=and&status=PENDING%2CVERIFICATION (Caused by ProxyError('Unable to connect to proxy', FileNotFoundError(2, 'No such file or directory')))）
DEBUG    template.commons.variable_manager:variable_manager.py:131 [2025-10-16 17:08:41] 从运行时变量获取 | 变量: follow_user_id | 值: 1962808746181640193
DEBUG    template.commons.variable_manager:variable_manager.py:131 [2025-10-16 17:08:41] 从运行时变量获取 | 变量: follow_broker_id | 值: 1781213961048682529
DEBUG    template.commons.variable_manager:variable_manager.py:131 [2025-10-16 17:08:41] 从运行时变量获取 | 变量: follow_server_id | 值: 1821740479986667521
DEBUG    urllib3.connectionpool:connectionpool.py:1051 Starting new HTTPS connection (2): dev.lgcopytrade.top:443
ERROR    template.commons.api_base:api_base.py:254 [2025-10-16 17:08:41] POST 请求异常: HTTPSConnectionPool(host='dev.lgcopytrade.top', port=443): Max retries exceeded with url: /api/blockchain/account/bind (Caused by ProxyError('Unable to connect to proxy', FileNotFoundError(2, 'No such file or directory'))) | URL: /blockchain/account/bind | URL参数: None
urllib3.exceptions.ProxyError: ('Unable to connect to proxy', FileNotFoundError(2, 'No such file or directory'))

The above exception was the direct cause of the following exception:

Traceback (most recent call last):
  File "D:\pycharm_test\Community\lib\site-packages\requests\adapters.py", line 667, in send
    resp = conn.urlopen(
  File "D:\pycharm_test\Community\lib\site-packages\urllib3\connectionpool.py", line 843, in urlopen
    retries = retries.increment(
  File "D:\pycharm_test\Community\lib\site-packages\urllib3\util\retry.py", line 519, in increment
    raise MaxRetryError(_pool, url, reason) from reason  # type: ignore[arg-type]
urllib3.exceptions.MaxRetryError: HTTPSConnectionPool(host='dev.lgcopytrade.top', port=443): Max retries exceeded with url: /api/blockchain/account/bind (Caused by ProxyError('Unable to connect to proxy', FileNotFoundError(2, 'No such file or directory')))

During handling of the above exception, another exception occurred:

Traceback (most recent call last):
  File "D:\pycharm_test\template\commons\api_base.py", line 204, in send_post_request
    response = logged_session.post(
  File "D:\pycharm_test\Community\lib\site-packages\requests\sessions.py", line 637, in post
    return self.request("POST", url, data=data, json=json, **kwargs)
  File "D:\pycharm_test\template\commons\session.py", line 135, in request
    response = super().request(method, full_url, *args, **kwargs)
  File "D:\pycharm_test\Community\lib\site-packages\requests\sessions.py", line 589, in request
    resp = self.send(prep, **send_kwargs)
  File "D:\pycharm_test\Community\lib\site-packages\requests\sessions.py", line 703, in send
    r = adapter.send(request, **kwargs)
  File "D:\pycharm_test\Community\lib\site-packages\requests\adapters.py", line 694, in send
    raise ProxyError(e, request=request)
requests.exceptions.ProxyError: HTTPSConnectionPool(host='dev.lgcopytrade.top', port=443): Max retries exceeded with url: /api/blockchain/account/bind (Caused by ProxyError('Unable to connect to proxy', FileNotFoundError(2, 'No such file or directory')))
ERROR    root:test_add_create.py:436 账号301392289执行失败：Failed: POST 请求异常（HTTPSConnectionPool(host='dev.lgcopytrade.top', port=443): Max retries exceeded with url: /api/blockchain/account/bind (Caused by ProxyError('Unable to connect to proxy', FileNotFoun
urllib3.exceptions.ProxyError: ('Unable to connect to proxy', FileNotFoundError(2, 'No such file or directory'))

The above exception was the direct cause of the following exception:

Traceback (most recent call last):
  File "D:\pycharm_test\Community\lib\site-packages\requests\adapters.py", line 667, in send
    resp = conn.urlopen(
  File "D:\pycharm_test\Community\lib\site-packages\urllib3\connectionpool.py", line 843, in urlopen
    retries = retries.increment(
  File "D:\pycharm_test\Community\lib\site-packages\urllib3\util\retry.py", line 519, in increment
    raise MaxRetryError(_pool, url, reason) from reason  # type: ignore[arg-type]
urllib3.exceptions.MaxRetryError: HTTPSConnectionPool(host='dev.lgcopytrade.top', port=443): Max retries exceeded with url: /api/blockchain/account/bind (Caused by ProxyError('Unable to connect to proxy', FileNotFoundError(2, 'No such file or directory')))

During handling of the above exception, another exception occurred:

Traceback (most recent call last):
  File "D:\pycharm_test\template\commons\api_base.py", line 204, in send_post_request
    response = logged_session.post(
  File "D:\pycharm_test\Community\lib\site-packages\requests\sessions.py", line 637, in post
    return self.request("POST", url, data=data, json=json, **kwargs)
  File "D:\pycharm_test\template\commons\session.py", line 135, in request
    response = super().request(method, full_url, *args, **kwargs)
  File "D:\pycharm_test\Community\lib\site-packages\requests\sessions.py", line 589, in request
    resp = self.send(prep, **send_kwargs)
  File "D:\pycharm_test\Community\lib\site-packages\requests\sessions.py", line 703, in send
    r = adapter.send(request, **kwargs)
  File "D:\pycharm_test\Community\lib\site-packages\requests\adapters.py", line 694, in send
    raise ProxyError(e, request=request)
requests.exceptions.ProxyError: HTTPSConnectionPool(host='dev.lgcopytrade.top', port=443): Max retries exceeded with url: /api/blockchain/account/bind (Caused by ProxyError('Unable to connect to proxy', FileNotFoundError(2, 'No such file or directory')))

The above exception was the direct cause of the following exception:

Traceback (most recent call last):
  File "D:\pycharm_test\template\test_cloudTrader\test_add_create.py", line 196, in test_follow_full_flow
    bind_response = self.send_post_request(
  File "D:\pycharm_test\template\commons\api_base.py", line 259, in send_post_request
    raise ConnectionError(f"Failed: {method} 请求异常（{str(e)[:1000]}）") from e
requests.exceptions.ConnectionError: Failed: POST 请求异常（HTTPSConnectionPool(host='dev.lgcopytrade.top', port=443): Max retries exceeded with url: /api/blockchain/account/bind (Caused by ProxyError('Unable to connect to proxy', FileNotFoundError(2, 'No such file or directory')))）
DEBUG    template.commons.variable_manager:variable_manager.py:131 [2025-10-16 17:08:52] 从运行时变量获取 | 变量: follow_user_id | 值: 1962808746181640193
DEBUG    template.commons.variable_manager:variable_manager.py:131 [2025-10-16 17:08:52] 从运行时变量获取 | 变量: follow_broker_id | 值: 1781213961048682529
DEBUG    template.commons.variable_manager:variable_manager.py:131 [2025-10-16 17:08:52] 从运行时变量获取 | 变量: follow_server_id | 值: 1821740479986667521
DEBUG    urllib3.connectionpool:connectionpool.py:1051 Starting new HTTPS connection (3): dev.lgcopytrade.top:443
ERROR    template.commons.api_base:api_base.py:254 [2025-10-16 17:08:52] POST 请求异常: HTTPSConnectionPool(host='dev.lgcopytrade.top', port=443): Max retries exceeded with url: /api/blockchain/account/bind (Caused by ProxyError('Unable to connect to proxy', FileNotFoundError(2, 'No such file or directory'))) | URL: /blockchain/account/bind | URL参数: None
urllib3.exceptions.ProxyError: ('Unable to connect to proxy', FileNotFoundError(2, 'No such file or directory'))

The above exception was the direct cause of the following exception:

Traceback (most recent call last):
  File "D:\pycharm_test\Community\lib\site-packages\requests\adapters.py", line 667, in send
    resp = conn.urlopen(
  File "D:\pycharm_test\Community\lib\site-packages\urllib3\connectionpool.py", line 843, in urlopen
    retries = retries.increment(
  File "D:\pycharm_test\Community\lib\site-packages\urllib3\util\retry.py", line 519, in increment
    raise MaxRetryError(_pool, url, reason) from reason  # type: ignore[arg-type]
urllib3.exceptions.MaxRetryError: HTTPSConnectionPool(host='dev.lgcopytrade.top', port=443): Max retries exceeded with url: /api/blockchain/account/bind (Caused by ProxyError('Unable to connect to proxy', FileNotFoundError(2, 'No such file or directory')))

During handling of the above exception, another exception occurred:

Traceback (most recent call last):
  File "D:\pycharm_test\template\commons\api_base.py", line 204, in send_post_request
    response = logged_session.post(
  File "D:\pycharm_test\Community\lib\site-packages\requests\sessions.py", line 637, in post
    return self.request("POST", url, data=data, json=json, **kwargs)
  File "D:\pycharm_test\template\commons\session.py", line 135, in request
    response = super().request(method, full_url, *args, **kwargs)
  File "D:\pycharm_test\Community\lib\site-packages\requests\sessions.py", line 589, in request
    resp = self.send(prep, **send_kwargs)
  File "D:\pycharm_test\Community\lib\site-packages\requests\sessions.py", line 703, in send
    r = adapter.send(request, **kwargs)
  File "D:\pycharm_test\Community\lib\site-packages\requests\adapters.py", line 694, in send
    raise ProxyError(e, request=request)
requests.exceptions.ProxyError: HTTPSConnectionPool(host='dev.lgcopytrade.top', port=443): Max retries exceeded with url: /api/blockchain/account/bind (Caused by ProxyError('Unable to connect to proxy', FileNotFoundError(2, 'No such file or directory')))
ERROR    root:test_add_create.py:436 账号301392289执行失败：Failed: POST 请求异常（HTTPSConnectionPool(host='dev.lgcopytrade.top', port=443): Max retries exceeded with url: /api/blockchain/account/bind (Caused by ProxyError('Unable to connect to proxy', FileNotFoun
urllib3.exceptions.ProxyError: ('Unable to connect to proxy', FileNotFoundError(2, 'No such file or directory'))

The above exception was the direct cause of the following exception:

Traceback (most recent call last):
  File "D:\pycharm_test\Community\lib\site-packages\requests\adapters.py", line 667, in send
    resp = conn.urlopen(
  File "D:\pycharm_test\Community\lib\site-packages\urllib3\connectionpool.py", line 843, in urlopen
    retries = retries.increment(
  File "D:\pycharm_test\Community\lib\site-packages\urllib3\util\retry.py", line 519, in increment
    raise MaxRetryError(_pool, url, reason) from reason  # type: ignore[arg-type]
urllib3.exceptions.MaxRetryError: HTTPSConnectionPool(host='dev.lgcopytrade.top', port=443): Max retries exceeded with url: /api/blockchain/account/bind (Caused by ProxyError('Unable to connect to proxy', FileNotFoundError(2, 'No such file or directory')))

During handling of the above exception, another exception occurred:

Traceback (most recent call last):
  File "D:\pycharm_test\template\commons\api_base.py", line 204, in send_post_request
    response = logged_session.post(
  File "D:\pycharm_test\Community\lib\site-packages\requests\sessions.py", line 637, in post
    return self.request("POST", url, data=data, json=json, **kwargs)
  File "D:\pycharm_test\template\commons\session.py", line 135, in request
    response = super().request(method, full_url, *args, **kwargs)
  File "D:\pycharm_test\Community\lib\site-packages\requests\sessions.py", line 589, in request
    resp = self.send(prep, **send_kwargs)
  File "D:\pycharm_test\Community\lib\site-packages\requests\sessions.py", line 703, in send
    r = adapter.send(request, **kwargs)
  File "D:\pycharm_test\Community\lib\site-packages\requests\adapters.py", line 694, in send
    raise ProxyError(e, request=request)
requests.exceptions.ProxyError: HTTPSConnectionPool(host='dev.lgcopytrade.top', port=443): Max retries exceeded with url: /api/blockchain/account/bind (Caused by ProxyError('Unable to connect to proxy', FileNotFoundError(2, 'No such file or directory')))

The above exception was the direct cause of the following exception:

Traceback (most recent call last):
  File "D:\pycharm_test\template\test_cloudTrader\test_add_create.py", line 196, in test_follow_full_flow
    bind_response = self.send_post_request(
  File "D:\pycharm_test\template\commons\api_base.py", line 259, in send_post_request
    raise ConnectionError(f"Failed: {method} 请求异常（{str(e)[:1000]}）") from e
requests.exceptions.ConnectionError: Failed: POST 请求异常（HTTPSConnectionPool(host='dev.lgcopytrade.top', port=443): Max retries exceeded with url: /api/blockchain/account/bind (Caused by ProxyError('Unable to connect to proxy', FileNotFoundError(2, 'No such file or directory')))）
DEBUG    template.commons.variable_manager:variable_manager.py:131 [2025-10-16 17:09:02] 从运行时变量获取 | 变量: follow_user_id | 值: 1962808746181640193
DEBUG    template.commons.variable_manager:variable_manager.py:131 [2025-10-16 17:09:02] 从运行时变量获取 | 变量: follow_broker_id | 值: 1781213961048682529
DEBUG    template.commons.variable_manager:variable_manager.py:131 [2025-10-16 17:09:02] 从运行时变量获取 | 变量: follow_server_id | 值: 1821740479986667521
DEBUG    urllib3.connectionpool:connectionpool.py:1051 Starting new HTTPS connection (4): dev.lgcopytrade.top:443
ERROR    template.commons.api_base:api_base.py:254 [2025-10-16 17:09:02] POST 请求异常: HTTPSConnectionPool(host='dev.lgcopytrade.top', port=443): Max retries exceeded with url: /api/blockchain/account/bind (Caused by ProxyError('Unable to connect to proxy', FileNotFoundError(2, 'No such file or directory'))) | URL: /blockchain/account/bind | URL参数: None
urllib3.exceptions.ProxyError: ('Unable to connect to proxy', FileNotFoundError(2, 'No such file or directory'))

The above exception was the direct cause of the following exception:

Traceback (most recent call last):
  File "D:\pycharm_test\Community\lib\site-packages\requests\adapters.py", line 667, in send
    resp = conn.urlopen(
  File "D:\pycharm_test\Community\lib\site-packages\urllib3\connectionpool.py", line 843, in urlopen
    retries = retries.increment(
  File "D:\pycharm_test\Community\lib\site-packages\urllib3\util\retry.py", line 519, in increment
    raise MaxRetryError(_pool, url, reason) from reason  # type: ignore[arg-type]
urllib3.exceptions.MaxRetryError: HTTPSConnectionPool(host='dev.lgcopytrade.top', port=443): Max retries exceeded with url: /api/blockchain/account/bind (Caused by ProxyError('Unable to connect to proxy', FileNotFoundError(2, 'No such file or directory')))

During handling of the above exception, another exception occurred:

Traceback (most recent call last):
  File "D:\pycharm_test\template\commons\api_base.py", line 204, in send_post_request
    response = logged_session.post(
  File "D:\pycharm_test\Community\lib\site-packages\requests\sessions.py", line 637, in post
    return self.request("POST", url, data=data, json=json, **kwargs)
  File "D:\pycharm_test\template\commons\session.py", line 135, in request
    response = super().request(method, full_url, *args, **kwargs)
  File "D:\pycharm_test\Community\lib\site-packages\requests\sessions.py", line 589, in request
    resp = self.send(prep, **send_kwargs)
  File "D:\pycharm_test\Community\lib\site-packages\requests\sessions.py", line 703, in send
    r = adapter.send(request, **kwargs)
  File "D:\pycharm_test\Community\lib\site-packages\requests\adapters.py", line 694, in send
    raise ProxyError(e, request=request)
requests.exceptions.ProxyError: HTTPSConnectionPool(host='dev.lgcopytrade.top', port=443): Max retries exceeded with url: /api/blockchain/account/bind (Caused by ProxyError('Unable to connect to proxy', FileNotFoundError(2, 'No such file or directory')))
ERROR    root:test_add_create.py:436 账号301392289执行失败：Failed: POST 请求异常（HTTPSConnectionPool(host='dev.lgcopytrade.top', port=443): Max retries exceeded with url: /api/blockchain/account/bind (Caused by ProxyError('Unable to connect to proxy', FileNotFoun
urllib3.exceptions.ProxyError: ('Unable to connect to proxy', FileNotFoundError(2, 'No such file or directory'))

The above exception was the direct cause of the following exception:

Traceback (most recent call last):
  File "D:\pycharm_test\Community\lib\site-packages\requests\adapters.py", line 667, in send
    resp = conn.urlopen(
  File "D:\pycharm_test\Community\lib\site-packages\urllib3\connectionpool.py", line 843, in urlopen
    retries = retries.increment(
  File "D:\pycharm_test\Community\lib\site-packages\urllib3\util\retry.py", line 519, in increment
    raise MaxRetryError(_pool, url, reason) from reason  # type: ignore[arg-type]
urllib3.exceptions.MaxRetryError: HTTPSConnectionPool(host='dev.lgcopytrade.top', port=443): Max retries exceeded with url: /api/blockchain/account/bind (Caused by ProxyError('Unable to connect to proxy', FileNotFoundError(2, 'No such file or directory')))

During handling of the above exception, another exception occurred:

Traceback (most recent call last):
  File "D:\pycharm_test\template\commons\api_base.py", line 204, in send_post_request
    response = logged_session.post(
  File "D:\pycharm_test\Community\lib\site-packages\requests\sessions.py", line 637, in post
    return self.request("POST", url, data=data, json=json, **kwargs)
  File "D:\pycharm_test\template\commons\session.py", line 135, in request
    response = super().request(method, full_url, *args, **kwargs)
  File "D:\pycharm_test\Community\lib\site-packages\requests\sessions.py", line 589, in request
    resp = self.send(prep, **send_kwargs)
  File "D:\pycharm_test\Community\lib\site-packages\requests\sessions.py", line 703, in send
    r = adapter.send(request, **kwargs)
  File "D:\pycharm_test\Community\lib\site-packages\requests\adapters.py", line 694, in send
    raise ProxyError(e, request=request)
requests.exceptions.ProxyError: HTTPSConnectionPool(host='dev.lgcopytrade.top', port=443): Max retries exceeded with url: /api/blockchain/account/bind (Caused by ProxyError('Unable to connect to proxy', FileNotFoundError(2, 'No such file or directory')))

The above exception was the direct cause of the following exception:

Traceback (most recent call last):
  File "D:\pycharm_test\template\test_cloudTrader\test_add_create.py", line 196, in test_follow_full_flow
    bind_response = self.send_post_request(
  File "D:\pycharm_test\template\commons\api_base.py", line 259, in send_post_request
    raise ConnectionError(f"Failed: {method} 请求异常（{str(e)[:1000]}）") from e
requests.exceptions.ConnectionError: Failed: POST 请求异常（HTTPSConnectionPool(host='dev.lgcopytrade.top', port=443): Max retries exceeded with url: /api/blockchain/account/bind (Caused by ProxyError('Unable to connect to proxy', FileNotFoundError(2, 'No such file or directory')))）